---
source: src/parser.rs
assertion_line: 1370
expression: document
---
Document {
    imports: [
        ImportDecl {
            names: [
                "WebScraper",
            ],
            source: "@openclaw/tools.browser",
            span: 13..79,
        },
    ],
    types: [
        TypeDecl {
            name: "SearchResult",
            fields: [
                TypeField {
                    name: "url",
                    data_type: String(
                        367..373,
                    ),
                    constraints: [],
                    span: 362..373,
                },
                TypeField {
                    name: "confidence",
                    data_type: Float(
                        402..407,
                    ),
                    constraints: [
                        Constraint {
                            name: "min",
                            value: SpannedExpr {
                                expr: IntLiteral(
                                    0,
                                ),
                                span: 413..414,
                            },
                            span: 408..428,
                        },
                    ],
                    span: 390..428,
                },
            ],
            span: 326..443,
        },
    ],
    clients: [
        ClientDecl {
            name: "FastOpenAI",
            provider: "openai",
            model: "gpt-4o-mini",
            retries: Some(
                3,
            ),
            timeout_ms: None,
            endpoint: Some(
                SpannedExpr {
                    expr: Call(
                        "env",
                        [
                            SpannedExpr {
                                expr: StringLiteral(
                                    "OPENAI_BASE_URL",
                                ),
                                span: 232..249,
                            },
                        ],
                    ),
                    span: 228..267,
                },
            ),
            api_key: Some(
                SpannedExpr {
                    expr: Call(
                        "env",
                        [
                            SpannedExpr {
                                expr: StringLiteral(
                                    "OPENAI_API_KEY",
                                ),
                                span: 281..297,
                            },
                        ],
                    ),
                    span: 277..311,
                },
            ),
            span: 79..326,
        },
    ],
    tools: [
        ToolDecl {
            name: "AnalyzeSentiment",
            arguments: [
                TypeField {
                    name: "text",
                    data_type: String(
                        471..477,
                    ),
                    constraints: [],
                    span: 465..477,
                },
            ],
            return_type: Some(
                Float(
                    482..487,
                ),
            ),
            invoke_path: Some(
                "module(\"scripts.analysis\").function(\"get_sentiment\")",
            ),
            span: 443..594,
        },
    ],
    agents: [
        AgentDecl {
            name: "Researcher",
            extends: None,
            client: Some(
                "FastOpenAI",
            ),
            system_prompt: Some(
                "Stay deterministic.",
            ),
            tools: [
                "WebScraper",
                "AnalyzeSentiment",
            ],
            settings: AgentSettings {
                entries: [
                    AgentSetting {
                        name: "max_steps",
                        value: Int(
                            5,
                        ),
                        span: 807..841,
                    },
                    AgentSetting {
                        name: "temperature",
                        value: Float(
                            0.1,
                        ),
                        span: 841..857,
                    },
                ],
                span: 785..875,
            },
            span: 594..903,
        },
    ],
    workflows: [
        WorkflowDecl {
            name: "Analyze",
            arguments: [
                TypeField {
                    name: "company",
                    data_type: String(
                        929..935,
                    ),
                    constraints: [],
                    span: 920..935,
                },
            ],
            return_type: Some(
                String(
                    940..946,
                ),
            ),
            body: Block {
                statements: [
                    LetDecl {
                        name: "report",
                        explicit_type: None,
                        value: SpannedExpr {
                            expr: ExecuteRun {
                                agent_name: "Researcher",
                                kwargs: [
                                    (
                                        "task",
                                        SpannedExpr {
                                            expr: Identifier(
                                                "company",
                                            ),
                                            span: 1028..1035,
                                        },
                                    ),
                                ],
                                require_type: Some(
                                    String(
                                        1071..1077,
                                    ),
                                ),
                            },
                            span: 978..1113,
                        },
                        span: 965..1113,
                    },
                    Return {
                        value: SpannedExpr {
                            expr: Identifier(
                                "report",
                            ),
                            span: 1120..1126,
                        },
                        span: 1113..1139,
                    },
                ],
                span: 947..1140,
            },
            span: 903..1154,
        },
    ],
    listeners: [
        ListenerDecl {
            name: "OnSlackMessage",
            event_type: "Events.Slack.Message",
            body: Block {
                statements: [
                    Expression(
                        SpannedExpr {
                            expr: MethodCall(
                                SpannedExpr {
                                    expr: Identifier(
                                        "event",
                                    ),
                                    span: 1225..1230,
                                },
                                "reply",
                                [
                                    SpannedExpr {
                                        expr: StringLiteral(
                                            "done",
                                        ),
                                        span: 1237..1243,
                                    },
                                ],
                            ),
                            span: 1225..1257,
                        },
                    ),
                ],
                span: 1207..1258,
            },
            span: 1154..1272,
        },
    ],
    tests: [
        TestDecl {
            name: "smoke",
            body: Block {
                statements: [
                    Return {
                        value: SpannedExpr {
                            expr: StringLiteral(
                                "ok",
                            ),
                            span: 1310..1314,
                        },
                        span: 1303..1327,
                    },
                ],
                span: 1285..1328,
            },
            span: 1272..1342,
        },
    ],
    mocks: [
        MockDecl {
            target_agent: "Researcher",
            output: [
                (
                    "output",
                    SpannedExpr {
                        expr: StringLiteral(
                            "mocked_output",
                        ),
                        span: 1384..1399,
                    },
                ),
            ],
            span: 1342..1422,
        },
    ],
    span: 13..1422,
}
